// Jest Snapshot v1, https://goo.gl/fbAQLP

exports[`snapshot renders 1`] = `
<div
  className="StyledGrommet-sc-19lkkz7-0 fUaNHm"
>
  <header
    className="StyledBox-sc-13pk1d4-0 gcrCWy"
    style={
      Object {
        "zIndex": "1",
      }
    }
  >
    Warzone Stats
  </header>
  <table
    className="StyledTable-sc-1m3u5g-6 kzMUEM StyledDataTable-xrlyjm-0 maGPF"
  >
    <thead
      className="StyledTable__StyledTableHeader-sc-1m3u5g-4 StyledDataTable__StyledDataTableHeader-xrlyjm-3"
    >
      <tr
        className="StyledTable__StyledTableRow-sc-1m3u5g-2 StyledDataTable__StyledDataTableRow-xrlyjm-1 kHghvN"
      >
        <th
          className="StyledTable__StyledTableCell-sc-1m3u5g-0 gAxdWq StyledDataTable__StyledDataTableCell-xrlyjm-5"
          scope="col"
        >
          <div
            className="StyledBox-sc-13pk1d4-0 dTCmQX"
          >
            <span
              className="StyledText-sc-1sadyjn-0 DkZvS"
            >
              Name
            </span>
          </div>
        </th>
        <th
          className="StyledTable__StyledTableCell-sc-1m3u5g-0 gAxdWq StyledDataTable__StyledDataTableCell-xrlyjm-5"
          scope="col"
        >
          <div
            className="StyledBox-sc-13pk1d4-0 dTCmQX"
          >
            <span
              className="StyledText-sc-1sadyjn-0 DkZvS"
            >
              KD
            </span>
          </div>
        </th>
      </tr>
    </thead>
    <tbody
      className="StyledTable__StyledTableBody-sc-1m3u5g-3 StyledDataTable__StyledDataTableBody-xrlyjm-2 gKyMTl"
      onKeyDown={[Function]}
    />
  </table>
</div>
`;
